\BOOKMARK [1][-]{section*.1}{\376\377\000L\000i\000s\000t\000\040\000o\000f\000\040\000F\000i\000g\000u\000r\000e\000s}{}% 1
\BOOKMARK [1][-]{section.1}{\376\377\000I\000n\000t\000r\000o\000d\000u\000c\000t\000i\000o\000n}{}% 2
\BOOKMARK [1][-]{section.2}{\376\377\000S\000c\000\351\000n\000a\000r\000i\000o\000\040\0001\000\040\000:\000\040\000E\000x\000p\000l\000o\000i\000t\000a\000t\000i\000o\000n\000\040\000d\000'\000u\000n\000\040\000W\000o\000r\000d\000P\000r\000e\000s\000s\000\040\000v\000u\000l\000n\000\351\000r\000a\000b\000l\000e\000\040\000\050\000C\000V\000E\000-\0002\0000\0001\0006\000-\0001\0000\0000\0003\0003\000\051}{}% 3
\BOOKMARK [2][-]{subsection.2.1}{\376\377\000C\000o\000n\000t\000e\000x\000t\000e\000\040\000e\000t\000\040\000o\000b\000j\000e\000c\000t\000i\000f}{section.2}% 4
\BOOKMARK [2][-]{subsection.2.2}{\376\377\000E\000n\000v\000i\000r\000o\000n\000n\000e\000m\000e\000n\000t\000\040\000d\000e\000\040\000t\000e\000s\000t}{section.2}% 5
\BOOKMARK [2][-]{subsection.2.3}{\376\377\000P\000h\000a\000s\000e\000\040\0001\000\040\000:\000\040\000r\000e\000c\000o\000n\000n\000a\000i\000s\000s\000a\000n\000c\000e}{section.2}% 6
\BOOKMARK [2][-]{subsection.2.4}{\376\377\000P\000h\000a\000s\000e\000\040\0002\000\040\000:\000\040\000p\000r\000\351\000p\000a\000r\000a\000t\000i\000o\000n\000\040\000d\000e\000\040\000l\000a\000\040\000c\000h\000a\000r\000g\000e\000\040\000u\000t\000i\000l\000e}{section.2}% 7
\BOOKMARK [2][-]{subsection.2.5}{\376\377\000P\000h\000a\000s\000e\000\040\0003\000\040\000:\000\040\000e\000x\000p\000l\000o\000i\000t\000a\000t\000i\000o\000n\000\040\000e\000t\000\040\000e\000x\000\351\000c\000u\000t\000i\000o\000n\000\040\000d\000e\000\040\000c\000o\000d\000e\000\040\000\340\000\040\000d\000i\000s\000t\000a\000n\000c\000e}{section.2}% 8
\BOOKMARK [2][-]{subsection.2.6}{\376\377\000P\000h\000a\000s\000e\000\040\0004\000\040\000:\000\040\000p\000o\000s\000t\000-\000e\000x\000p\000l\000o\000i\000t\000a\000t\000i\000o\000n}{section.2}% 9
\BOOKMARK [2][-]{subsection.2.7}{\376\377\000P\000h\000a\000s\000e\000\040\0005\000\040\000:\000\040\000d\000\351\000t\000e\000c\000t\000i\000o\000n\000\040\000p\000a\000r\000\040\000l\000a\000\040\000c\000h\000a\000\356\000n\000e\000\040\000d\000e\000\040\000s\000u\000p\000e\000r\000v\000i\000s\000i\000o\000n}{section.2}% 10
\BOOKMARK [2][-]{subsection.2.8}{\376\377\000S\000y\000n\000t\000h\000\350\000s\000e}{section.2}% 11
\BOOKMARK [1][-]{section.3}{\376\377\000S\000c\000\351\000n\000a\000r\000i\000o\000\040\0002\000\040\000:\000\040\000A\000t\000t\000a\000q\000u\000e\000\040\000A\000c\000t\000i\000v\000e\000\040\000M\000Q\000\040\000\050\000C\000V\000E\000-\0002\0000\0002\0003\000-\0004\0006\0006\0000\0004\000\051}{}% 12
\BOOKMARK [2][-]{subsection.3.1}{\376\377\000C\000o\000n\000t\000e\000x\000t\000e\000\040\000e\000t\000\040\000o\000b\000j\000e\000c\000t\000i\000f}{section.3}% 13
\BOOKMARK [2][-]{subsection.3.2}{\376\377\000E\000n\000v\000i\000r\000o\000n\000n\000e\000m\000e\000n\000t\000\040\000d\000e\000\040\000t\000e\000s\000t}{section.3}% 14
\BOOKMARK [2][-]{subsection.3.3}{\376\377\000P\000h\000a\000s\000e\000\040\0001\000\040\000:\000\040\000p\000r\000\351\000p\000a\000r\000a\000t\000i\000o\000n\000\040\000d\000e\000\040\000l\000a\000\040\000c\000h\000a\000r\000g\000e\000\040\000u\000t\000i\000l\000e}{section.3}% 15
\BOOKMARK [2][-]{subsection.3.4}{\376\377\000P\000h\000a\000s\000e\000\040\0002\000\040\000:\000\040\000e\000x\000p\000l\000o\000i\000t\000a\000t\000i\000o\000n\000\040\000e\000t\000\040\000p\000r\000e\000u\000v\000e\000\040\000d\000e\000\040\000R\000C\000E}{section.3}% 16
\BOOKMARK [2][-]{subsection.3.5}{\376\377\000P\000h\000a\000s\000e\000\040\0003\000\040\000:\000\040\000d\000\351\000t\000e\000c\000t\000i\000o\000n\000\040\000p\000a\000r\000\040\000l\000a\000\040\000c\000h\000a\000\356\000n\000e\000\040\000d\000e\000\040\000s\000u\000p\000e\000r\000v\000i\000s\000i\000o\000n}{section.3}% 17
\BOOKMARK [2][-]{subsection.3.6}{\376\377\000S\000y\000n\000t\000h\000\350\000s\000e}{section.3}% 18
\BOOKMARK [1][-]{section.4}{\376\377\000S\000c\000\351\000n\000a\000r\000i\000o\000\040\0003\000\040\000:\000\040\000B\000r\000u\000t\000e\000-\000f\000o\000r\000c\000e\000\040\000S\000S\000H}{}% 19
\BOOKMARK [2][-]{subsection.4.1}{\376\377\000C\000o\000n\000t\000e\000x\000t\000e\000\040\000e\000t\000\040\000o\000b\000j\000e\000c\000t\000i\000f}{section.4}% 20
\BOOKMARK [2][-]{subsection.4.2}{\376\377\000E\000n\000v\000i\000r\000o\000n\000n\000e\000m\000e\000n\000t\000\040\000d\000e\000\040\000t\000e\000s\000t}{section.4}% 21
\BOOKMARK [2][-]{subsection.4.3}{\376\377\000P\000h\000a\000s\000e\000\040\0001\000\040\000:\000\040\000\351\000t\000a\000t\000\040\000i\000n\000i\000t\000i\000a\000l\000\040\000d\000e\000\040\000l\000a\000\040\000v\000i\000c\000t\000i\000m\000e}{section.4}% 22
\BOOKMARK [2][-]{subsection.4.4}{\376\377\000P\000h\000a\000s\000e\000\040\0002\000\040\000:\000\040\000p\000r\000\351\000p\000a\000r\000a\000t\000i\000o\000n\000\040\000e\000t\000\040\000a\000t\000t\000a\000q\000u\000e}{section.4}% 23
\BOOKMARK [2][-]{subsection.4.5}{\376\377\000P\000h\000a\000s\000e\000\040\0003\000\040\000:\000\040\000d\000\351\000t\000e\000c\000t\000i\000o\000n\000\040\000p\000a\000r\000\040\000l\000a\000\040\000c\000h\000a\000\356\000n\000e\000\040\000d\000e\000\040\000s\000u\000p\000e\000r\000v\000i\000s\000i\000o\000n}{section.4}% 24
\BOOKMARK [2][-]{subsection.4.6}{\376\377\000P\000h\000a\000s\000e\000\040\0004\000\040\000:\000\040\000v\000i\000s\000u\000a\000l\000i\000s\000a\000t\000i\000o\000n\000\040\000d\000a\000n\000s\000\040\000K\000i\000b\000a\000n\000a}{section.4}% 25
\BOOKMARK [2][-]{subsection.4.7}{\376\377\000S\000y\000n\000t\000h\000\350\000s\000e}{section.4}% 26
\BOOKMARK [1][-]{section.5}{\376\377\000S\000c\000\351\000n\000a\000r\000i\000o\000\040\0004\000\040\000:\000\040\000U\000s\000u\000r\000p\000a\000t\000i\000o\000n\000\040\000A\000R\000P\000\040\000\050\000A\000R\000P\000\040\000s\000p\000o\000o\000f\000i\000n\000g\000\051}{}% 27
\BOOKMARK [2][-]{subsection.5.1}{\376\377\000C\000o\000n\000t\000e\000x\000t\000e\000\040\000e\000t\000\040\000o\000b\000j\000e\000c\000t\000i\000f}{section.5}% 28
\BOOKMARK [2][-]{subsection.5.2}{\376\377\000E\000n\000v\000i\000r\000o\000n\000n\000e\000m\000e\000n\000t\000\040\000d\000e\000\040\000t\000e\000s\000t}{section.5}% 29
\BOOKMARK [2][-]{subsection.5.3}{\376\377\000P\000r\000\351\000p\000a\000r\000a\000t\000i\000o\000n\000\040\000d\000u\000\040\000c\000a\000p\000t\000e\000u\000r}{section.5}% 30
\BOOKMARK [2][-]{subsection.5.4}{\376\377\000P\000h\000a\000s\000e\000\040\0001\000\040\000:\000\040\000\351\000t\000a\000t\000\040\000i\000n\000i\000t\000i\000a\000l\000\040\000d\000e\000\040\000l\000a\000\040\000v\000i\000c\000t\000i\000m\000e}{section.5}% 31
\BOOKMARK [2][-]{subsection.5.5}{\376\377\000P\000h\000a\000s\000e\000\040\0002\000\040\000:\000\040\000l\000a\000n\000c\000e\000m\000e\000n\000t\000\040\000d\000e\000\040\000l\000'\000u\000s\000u\000r\000p\000a\000t\000i\000o\000n}{section.5}% 32
\BOOKMARK [2][-]{subsection.5.6}{\376\377\000P\000h\000a\000s\000e\000\040\0003\000\040\000:\000\040\000i\000m\000p\000a\000c\000t\000\040\000s\000u\000r\000\040\000l\000a\000\040\000v\000i\000c\000t\000i\000m\000e}{section.5}% 33
\BOOKMARK [2][-]{subsection.5.7}{\376\377\000P\000h\000a\000s\000e\000\040\0004\000\040\000:\000\040\000d\000\351\000t\000e\000c\000t\000i\000o\000n\000\040\000e\000t\000\040\000a\000n\000a\000l\000y\000s\000e}{section.5}% 34
\BOOKMARK [3][-]{subsubsection.5.7.1}{\376\377\000V\000o\000l\000u\000m\000e\000\040\000c\000a\000p\000t\000u\000r\000\351}{subsection.5.7}% 35
\BOOKMARK [3][-]{subsubsection.5.7.2}{\376\377\000E\000x\000e\000m\000p\000l\000e\000\040\000d\000'\000\351\000v\000\351\000n\000e\000m\000e\000n\000t\000\040\000f\000a\000l\000s\000i\000f\000i\000\351}{subsection.5.7}% 36
\BOOKMARK [3][-]{subsubsection.5.7.3}{\376\377\000A\000n\000o\000m\000a\000l\000i\000e\000\040\000c\000o\000m\000p\000o\000r\000t\000e\000m\000e\000n\000t\000a\000l\000e\000\040\000:\000\040\000u\000n\000e\000\040\000I\000P\000,\000\040\000d\000e\000u\000x\000\040\000M\000A\000C}{subsection.5.7}% 37
\BOOKMARK [2][-]{subsection.5.8}{\376\377\000V\000i\000s\000u\000a\000l\000i\000s\000a\000t\000i\000o\000n\000\040\000d\000a\000n\000s\000\040\000K\000i\000b\000a\000n\000a}{section.5}% 38
\BOOKMARK [2][-]{subsection.5.9}{\376\377\000C\000o\000n\000t\000r\000e\000-\000m\000e\000s\000u\000r\000e\000s}{section.5}% 39
\BOOKMARK [2][-]{subsection.5.10}{\376\377\000S\000y\000n\000t\000h\000\350\000s\000e}{section.5}% 40
\BOOKMARK [1][-]{section.6}{\376\377\000S\000c\000\351\000n\000a\000r\000i\000o\000\040\0005\000\040\000:\000\040\000D\000\351\000n\000i\000\040\000d\000e\000\040\000s\000e\000r\000v\000i\000c\000e\000\040\000S\000Y\000N\000\040\000f\000l\000o\000o\000d}{}% 41
\BOOKMARK [2][-]{subsection.6.1}{\376\377\000C\000o\000n\000t\000e\000x\000t\000e\000\040\000e\000t\000\040\000o\000b\000j\000e\000c\000t\000i\000f}{section.6}% 42
\BOOKMARK [2][-]{subsection.6.2}{\376\377\000E\000n\000v\000i\000r\000o\000n\000n\000e\000m\000e\000n\000t\000\040\000d\000e\000\040\000t\000e\000s\000t}{section.6}% 43
\BOOKMARK [2][-]{subsection.6.3}{\376\377\000R\000\350\000g\000l\000e\000\040\000d\000e\000\040\000d\000\351\000t\000e\000c\000t\000i\000o\000n\000\040\000S\000u\000r\000i\000c\000a\000t\000a}{section.6}% 44
\BOOKMARK [2][-]{subsection.6.4}{\376\377\000P\000h\000a\000s\000e\000\040\0001\000\040\000:\000\040\000e\000x\000\351\000c\000u\000t\000i\000o\000n\000\040\000d\000e\000\040\000l\000'\000a\000t\000t\000a\000q\000u\000e}{section.6}% 45
\BOOKMARK [2][-]{subsection.6.5}{\376\377\000P\000h\000a\000s\000e\000\040\0002\000\040\000:\000\040\000d\000\351\000t\000e\000c\000t\000i\000o\000n\000\040\000S\000u\000r\000i\000c\000a\000t\000a}{section.6}% 46
\BOOKMARK [2][-]{subsection.6.6}{\376\377\000P\000h\000a\000s\000e\000\040\0003\000\040\000:\000\040\000v\000i\000s\000u\000a\000l\000i\000s\000a\000t\000i\000o\000n\000\040\000d\000a\000n\000s\000\040\000K\000i\000b\000a\000n\000a}{section.6}% 47
\BOOKMARK [2][-]{subsection.6.7}{\376\377\000D\000\351\000p\000a\000n\000n\000a\000g\000e\000\040\000e\000t\000\040\000l\000e\000\347\000o\000n\000s\000\040\000a\000p\000p\000r\000i\000s\000e\000s}{section.6}% 48
\BOOKMARK [2][-]{subsection.6.8}{\376\377\000S\000y\000n\000t\000h\000\350\000s\000e}{section.6}% 49
\BOOKMARK [1][-]{section.7}{\376\377\000S\000c\000\351\000n\000a\000r\000i\000o\000\040\0006\000\040\000:\000\040\000i\000n\000j\000e\000c\000t\000i\000o\000n\000\040\000S\000Q\000L\000\040\000\050\000D\000V\000W\000A\000\051}{}% 50
\BOOKMARK [2][-]{subsection.7.1}{\376\377\000C\000o\000n\000t\000e\000x\000t\000e\000\040\000e\000t\000\040\000o\000b\000j\000e\000c\000t\000i\000f}{section.7}% 51
\BOOKMARK [2][-]{subsection.7.2}{\376\377\000E\000n\000v\000i\000r\000o\000n\000n\000e\000m\000e\000n\000t\000\040\000d\000e\000\040\000t\000e\000s\000t}{section.7}% 52
\BOOKMARK [2][-]{subsection.7.3}{\376\377\000P\000h\000a\000s\000e\000\040\0001\000\040\000:\000\040\000d\000\351\000p\000l\000o\000i\000e\000m\000e\000n\000t\000\040\000d\000e\000\040\000D\000V\000W\000A}{section.7}% 53
\BOOKMARK [2][-]{subsection.7.4}{\376\377\000P\000h\000a\000s\000e\000\040\0002\000\040\000:\000\040\000r\000\350\000g\000l\000e\000\040\000d\000e\000\040\000d\000\351\000t\000e\000c\000t\000i\000o\000n}{section.7}% 54
\BOOKMARK [2][-]{subsection.7.5}{\376\377\000P\000h\000a\000s\000e\000\040\0003\000\040\000:\000\040\000e\000x\000p\000l\000o\000i\000t\000a\000t\000i\000o\000n}{section.7}% 55
\BOOKMARK [2][-]{subsection.7.6}{\376\377\000P\000h\000a\000s\000e\000\040\0004\000\040\000:\000\040\000d\000\351\000t\000e\000c\000t\000i\000o\000n\000\040\000e\000t\000\040\000K\000i\000b\000a\000n\000a}{section.7}% 56
\BOOKMARK [2][-]{subsection.7.7}{\376\377\000S\000y\000n\000t\000h\000\350\000s\000e}{section.7}% 57
\BOOKMARK [1][-]{section.8}{\376\377\000R\000\351\000s\000u\000l\000t\000a\000t\000\040\000e\000t\000\040\000D\000i\000s\000c\000u\000s\000s\000i\000o\000n}{}% 58
\BOOKMARK [2][-]{subsection.8.1}{\376\377\000A\000n\000a\000l\000y\000s\000e\000\040\000d\000e\000s\000\040\000d\000\351\000t\000e\000c\000t\000i\000o\000n\000s}{section.8}% 59
\BOOKMARK [2][-]{subsection.8.2}{\376\377\000L\000i\000m\000i\000t\000e\000s\000\040\000d\000u\000\040\000p\000r\000o\000j\000e\000t}{section.8}% 60
\BOOKMARK [1][-]{section.9}{\376\377\000C\000o\000n\000c\000l\000u\000s\000i\000o\000n}{}% 61
\BOOKMARK [2][-]{subsection.9.1}{\376\377\000A\000m\000\351\000l\000i\000o\000r\000a\000t\000i\000o\000n\000s\000\040\000p\000o\000s\000s\000i\000b\000l\000e\000s}{section.9}% 62
\BOOKMARK [2][-]{subsection.9.2}{\376\377\000P\000e\000r\000s\000p\000e\000c\000t\000i\000v\000e\000s}{section.9}% 63
